<html>
<body>
<pre>
<h1>µVision Build Log</h1>
<h2>Tool Versions:</h2>
IDE-Version: µVision V5.36.0.0
Copyright (C) 2021 ARM Ltd and ARM Germany GmbH. All rights reserved.
License Information: Yusuf Eren Kilic, itu, LIC=----
 
Tool Versions:
Toolchain:       MDK-Lite  Version: 5.36.0.0
Toolchain Path:  C:\Keil_v5\ARM\ARMCC\Bin
C Compiler:      Armcc.exe V5.06 update 7 (build 960)
Assembler:       Armasm.exe V5.06 update 7 (build 960)
Linker/Locator:  ArmLink.exe V5.06 update 7 (build 960)
Library Manager: ArmAr.exe V5.06 update 7 (build 960)
Hex Converter:   FromElf.exe V5.06 update 7 (build 960)
CPU DLL:         SARMCM3.DLL V5.36.0.0
Dialog DLL:      DCM.DLL V1.17.3.0
Target DLL:      STLink\ST-LINKIII-KEIL_SWO.dll V3.0.9.0
Dialog DLL:      TCM.DLL V1.53.0.0
 
<h2>Project:</h2>
C:\Users\Yusuf\Desktop\22'GÜZ\KON309E\final\example1.uvprojx
Project File Date:  12/14/2022

<h2>Output:</h2>
*** Using Compiler 'V5.06 update 7 (build 960)', folder: 'C:\Keil_v5\ARM\ARMCC\Bin'
Build target 'Target 1'
compiling main.c...
main.c(23): warning:  #1295-D: Deprecated declaration GPIO_Config - give arg types
  void GPIO_Config();
main.c(24): warning:  #1295-D: Deprecated declaration I2C_Config - give arg types
  void I2C_Config();
main.c(25): warning:  #1295-D: Deprecated declaration TIM3_Config - give arg types
  void TIM3_Config();
main.c(26): warning:  #1295-D: Deprecated declaration PWM_Config - give arg types
  void PWM_Config();
main.c(27): warning:  #1295-D: Deprecated declaration UART1_config - give arg types
  void UART1_config();
main.c(28): warning:  #1295-D: Deprecated declaration ADC1_Config - give arg types
  void ADC1_Config();
main.c(29): warning:  #1295-D: Deprecated declaration NVIC_Config - give arg types
  void NVIC_Config();
main.c(30): warning:  #1295-D: Deprecated declaration PWM_Config - give arg types
  void PWM_Config();
main.c(31): warning:  #1295-D: Deprecated declaration EXTI_Config - give arg types
  void EXTI_Config();
main.c(302): warning:  #1-D: last line of file ends without a newline
  }
main.c: 10 warnings, 0 errors
linking...
Program Size: Code=9272 RO-data=444 RW-data=60 ZI-data=1716  
FromELF: creating hex file...
".\Objects\example1.axf" - 0 Error(s), 10 Warning(s).

<h2>Software Packages used:</h2>

Package Vendor: Keil
                http://www.keil.com/pack/Keil.STM32F1xx_DFP.2.4.0.pack
                Keil.STM32F1xx_DFP.2.4.0
                STMicroelectronics STM32F1 Series Device Support, Drivers and Examples

<h2>Collection of Component include folders:</h2>
  C:\Users\Yusuf\AppData\Local\Arm\Packs\Keil\STM32F1xx_DFP\2.4.0\Device\Include

<h2>Collection of Component Files used:</h2>
Build Time Elapsed:  00:00:00
</pre>
</body>
</html>
